
import numpy as np
import pandas as pd
from scipy import stats
from scipy.stats import norm

# Avg. weight of Adult in Mexico with 94% CI
stats.norm.interval(0.94,200,30/(2000**0.5))

# Avg. weight of Adult in Mexico with 98% CI
stats.norm.interval(0.98,200,30/(2000**0.5))

# Avg. weight of Adult in Mexico with 96% CI
stats.norm.interval(0.96,200,30/(2000**0.5))

